EN shift2left26bit NULL "C:/Users/Chris/Dropbox/school/engineering/digital/ece445/lab/Lab 6/MIPS_DATAPATH/shift2left26bit.vhd" sub00/vhpl28 1512337142
AR iomemory behavioral "C:/Users/Chris/Dropbox/school/engineering/digital/ece445/lab/Lab 6/MIPS_DATAPATH/iomem.vhd" sub00/vhpl41 1512337147
AR aluctrl behavioral "C:/Users/Chris/Dropbox/school/engineering/digital/ece445/lab/Lab 6/MIPS_DATAPATH/aluCntl.vhd" sub00/vhpl03 1512337129
EN mux32bit NULL "C:/Users/Chris/Dropbox/school/engineering/digital/ece445/lab/Lab 6/MIPS_DATAPATH/mux32bit.vhd" sub00/vhpl12 1512337124
EN iomemory NULL "C:/Users/Chris/Dropbox/school/engineering/digital/ece445/lab/Lab 6/MIPS_DATAPATH/iomem.vhd" sub00/vhpl40 1512337146
EN regfile NULL "C:/Users/Chris/Dropbox/school/engineering/digital/ece445/lab/Lab 6/MIPS_DATAPATH/regfile.vhd" sub00/vhpl20 1512337120
AR shift2left26bit behavioral "C:/Users/Chris/Dropbox/school/engineering/digital/ece445/lab/Lab 6/MIPS_DATAPATH/shift2left26bit.vhd" sub00/vhpl29 1512337143
EN datamem NULL "C:/Users/Chris/Dropbox/school/engineering/digital/ece445/lab/Lab 6/MIPS_DATAPATH/datamem.vhd" sub00/vhpl08 1512337130
EN aluctrl NULL "C:/Users/Chris/Dropbox/school/engineering/digital/ece445/lab/Lab 6/MIPS_DATAPATH/aluCntl.vhd" sub00/vhpl02 1512337128
AR signextend behavioral "C:/Users/Chris/Dropbox/school/engineering/digital/ece445/lab/Lab 6/MIPS_DATAPATH/signextend.vhd" sub00/vhpl25 1512337123
EN datapath NULL "C:/Users/Chris/Dropbox/school/engineering/digital/ece445/lab/Lab 6/MIPS_DATAPATH/datapath.vhf" sub00/vhpl32 1512337148
AR mux32bit behavioral "C:/Users/Chris/Dropbox/school/engineering/digital/ece445/lab/Lab 6/MIPS_DATAPATH/mux32bit.vhd" sub00/vhpl13 1512337125
AR instmem behavioral "C:/Users/Chris/Dropbox/school/engineering/digital/ece445/lab/Lab 6/MIPS_DATAPATH/instmem.vhd" sub00/vhpl11 1512337900
AR pcadd behavioral "C:/Users/Chris/Dropbox/school/engineering/digital/ece445/lab/Lab 6/MIPS_DATAPATH/pcadd.vhd" sub00/vhpl17 1512337117
EN pc NULL "C:/Users/Chris/Dropbox/school/engineering/digital/ece445/lab/Lab 6/MIPS_DATAPATH/pc.vhd" sub00/vhpl18 1512337114
EN toplevel NULL "C:/Users/Chris/Dropbox/school/engineering/digital/ece445/lab/Lab 6/MIPS_DATAPATH/toplevel.vhd" sub00/vhpl36 1512337150
AR ioload behavioral "C:/Users/Chris/Dropbox/school/engineering/digital/ece445/lab/Lab 6/MIPS_DATAPATH/ioload.vhd" sub00/vhpl39 1511451992
AR mux32bit3x1 behavioral "C:/Users/Chris/Dropbox/school/engineering/digital/ece445/lab/Lab 6/MIPS_DATAPATH/mux32bit3x1.vhd" sub00/vhpl27 1512337133
AR aluadd behavioral "C:/Users/Chris/Dropbox/school/engineering/digital/ece445/lab/Lab 6/MIPS_DATAPATH/aluAdd.vhd" sub00/vhpl31 1512337137
EN pcadd NULL "C:/Users/Chris/Dropbox/school/engineering/digital/ece445/lab/Lab 6/MIPS_DATAPATH/pcadd.vhd" sub00/vhpl16 1512337116
AR mux5bit behavioral "C:/Users/Chris/Dropbox/school/engineering/digital/ece445/lab/Lab 5/MIPS_DATAPATH/mux5bit.vhd" sub00/vhpl15 1510546292
EN instmem NULL "C:/Users/Chris/Dropbox/school/engineering/digital/ece445/lab/Lab 6/MIPS_DATAPATH/instmem.vhd" sub00/vhpl10 1512337899
AR branchmux behavioral "C:/Users/Chris/Dropbox/school/engineering/digital/ece445/lab/Lab 6/MIPS_DATAPATH/branchMux.vhd" sub00/vhpl05 1512337141
EN branchmux NULL "C:/Users/Chris/Dropbox/school/engineering/digital/ece445/lab/Lab 6/MIPS_DATAPATH/branchMux.vhd" sub00/vhpl04 1512337140
AR datamem behavioral "C:/Users/Chris/Dropbox/school/engineering/digital/ece445/lab/Lab 6/MIPS_DATAPATH/datamem.vhd" sub00/vhpl09 1512337131
AR mux5bit3x1 behavioral "C:/Users/Chris/Dropbox/school/engineering/digital/ece445/lab/Lab 6/MIPS_DATAPATH/mux5bit3x1.vhd" sub00/vhpl35 1512337145
AR toplevel behavioral "C:/Users/Chris/Dropbox/school/engineering/digital/ece445/lab/Lab 6/MIPS_DATAPATH/toplevel.vhd" sub00/vhpl37 1512337151
EN control NULL "C:/Users/Chris/Dropbox/school/engineering/digital/ece445/lab/Lab 6/MIPS_DATAPATH/control.vhd" sub00/vhpl06 1512337138
AR alu behavioral "C:/Users/Chris/Dropbox/school/engineering/digital/ece445/lab/Lab 6/MIPS_DATAPATH/alu.vhd" sub00/vhpl01 1512337127
AR shift2left behavioral "C:/Users/Chris/Dropbox/school/engineering/digital/ece445/lab/Lab 6/MIPS_DATAPATH/shift2left.vhd" sub00/vhpl23 1512337135
EN aluadd NULL "C:/Users/Chris/Dropbox/school/engineering/digital/ece445/lab/Lab 6/MIPS_DATAPATH/aluAdd.vhd" sub00/vhpl30 1512337136
EN shift2left NULL "C:/Users/Chris/Dropbox/school/engineering/digital/ece445/lab/Lab 6/MIPS_DATAPATH/shift2left.vhd" sub00/vhpl22 1512337134
EN mux5bit3x1 NULL "C:/Users/Chris/Dropbox/school/engineering/digital/ece445/lab/Lab 6/MIPS_DATAPATH/mux5bit3x1.vhd" sub00/vhpl34 1512337144
EN mux5bit NULL "C:/Users/Chris/Dropbox/school/engineering/digital/ece445/lab/Lab 5/MIPS_DATAPATH/mux5bit.vhd" sub00/vhpl14 1510546291
AR control behavioral "C:/Users/Chris/Dropbox/school/engineering/digital/ece445/lab/Lab 6/MIPS_DATAPATH/control.vhd" sub00/vhpl07 1512337139
EN mux32bit3x1 NULL "C:/Users/Chris/Dropbox/school/engineering/digital/ece445/lab/Lab 6/MIPS_DATAPATH/mux32bit3x1.vhd" sub00/vhpl26 1512337132
AR pc behavioral "C:/Users/Chris/Dropbox/school/engineering/digital/ece445/lab/Lab 6/MIPS_DATAPATH/pc.vhd" sub00/vhpl19 1512337115
AR datapath behavioral "C:/Users/Chris/Dropbox/school/engineering/digital/ece445/lab/Lab 6/MIPS_DATAPATH/datapath.vhf" sub00/vhpl33 1512337149
EN ioload NULL "C:/Users/Chris/Dropbox/school/engineering/digital/ece445/lab/Lab 6/MIPS_DATAPATH/ioload.vhd" sub00/vhpl38 1511451991
AR regfile behavioral "C:/Users/Chris/Dropbox/school/engineering/digital/ece445/lab/Lab 6/MIPS_DATAPATH/regfile.vhd" sub00/vhpl21 1512337121
EN alu NULL "C:/Users/Chris/Dropbox/school/engineering/digital/ece445/lab/Lab 6/MIPS_DATAPATH/alu.vhd" sub00/vhpl00 1512337126
EN signextend NULL "C:/Users/Chris/Dropbox/school/engineering/digital/ece445/lab/Lab 6/MIPS_DATAPATH/signextend.vhd" sub00/vhpl24 1512337122
