V3 120
FL "C:/Users/Chris/Dropbox/school/engineering/digital/ece445/lab/Lab 5/jtypedatapath_Chris_Carlson_&_Matthew_Rheinstein/MIPS_DATAPATH/alu.vhd" 2017/10/23.01:26:25 P.20131013
FL "C:/Users/Chris/Dropbox/school/engineering/digital/ece445/lab/Lab 5/jtypedatapath_Chris_Carlson_&_Matthew_Rheinstein/MIPS_DATAPATH/aluAdd.vhd" 2017/10/22.14:49:07 P.20131013
FL "C:/Users/Chris/Dropbox/school/engineering/digital/ece445/lab/Lab 5/jtypedatapath_Chris_Carlson_&_Matthew_Rheinstein/MIPS_DATAPATH/aluCntl.vhd" 2017/11/11.17:18:11 P.20131013
FL "C:/Users/Chris/Dropbox/school/engineering/digital/ece445/lab/Lab 5/jtypedatapath_Chris_Carlson_&_Matthew_Rheinstein/MIPS_DATAPATH/branchMux.vhd" 2017/10/23.10:54:26 P.20131013
FL "C:/Users/Chris/Dropbox/school/engineering/digital/ece445/lab/Lab 5/jtypedatapath_Chris_Carlson_&_Matthew_Rheinstein/MIPS_DATAPATH/control.vhd" 2017/11/12.22:20:12 P.20131013
FL "C:/Users/Chris/Dropbox/school/engineering/digital/ece445/lab/Lab 5/jtypedatapath_Chris_Carlson_&_Matthew_Rheinstein/MIPS_DATAPATH/datamem.vhd" 2017/10/30.10:30:28 P.20131013
FL "C:/Users/Chris/Dropbox/school/engineering/digital/ece445/lab/Lab 5/jtypedatapath_Chris_Carlson_&_Matthew_Rheinstein/MIPS_DATAPATH/datapath.vhf" 2017/11/13.11:50:57 P.20131013
FL "C:/Users/Chris/Dropbox/school/engineering/digital/ece445/lab/Lab 5/jtypedatapath_Chris_Carlson_&_Matthew_Rheinstein/MIPS_DATAPATH/instmem.vhd" 2017/11/13.11:44:33 P.20131013
FL "C:/Users/Chris/Dropbox/school/engineering/digital/ece445/lab/Lab 5/jtypedatapath_Chris_Carlson_&_Matthew_Rheinstein/MIPS_DATAPATH/mux32bit.vhd" 2017/10/22.19:50:01 P.20131013
FL "C:/Users/Chris/Dropbox/school/engineering/digital/ece445/lab/Lab 5/jtypedatapath_Chris_Carlson_&_Matthew_Rheinstein/MIPS_DATAPATH/mux32bit3x1.vhd" 2017/11/11.16:23:11 P.20131013
FL "C:/Users/Chris/Dropbox/school/engineering/digital/ece445/lab/Lab 5/jtypedatapath_Chris_Carlson_&_Matthew_Rheinstein/MIPS_DATAPATH/mux5bit3x1.vhd" 2017/11/12.23:14:54 P.20131013
FL "C:/Users/Chris/Dropbox/school/engineering/digital/ece445/lab/Lab 5/jtypedatapath_Chris_Carlson_&_Matthew_Rheinstein/MIPS_DATAPATH/pc.vhd" 2017/10/26.16:13:51 P.20131013
FL "C:/Users/Chris/Dropbox/school/engineering/digital/ece445/lab/Lab 5/jtypedatapath_Chris_Carlson_&_Matthew_Rheinstein/MIPS_DATAPATH/pcadd.vhd" 2017/10/22.13:06:12 P.20131013
FL "C:/Users/Chris/Dropbox/school/engineering/digital/ece445/lab/Lab 5/jtypedatapath_Chris_Carlson_&_Matthew_Rheinstein/MIPS_DATAPATH/regfile.vhd" 2017/11/13.11:49:38 P.20131013
FL "C:/Users/Chris/Dropbox/school/engineering/digital/ece445/lab/Lab 5/jtypedatapath_Chris_Carlson_&_Matthew_Rheinstein/MIPS_DATAPATH/shift2left.vhd" 2017/10/30.10:52:06 P.20131013
FL "C:/Users/Chris/Dropbox/school/engineering/digital/ece445/lab/Lab 5/jtypedatapath_Chris_Carlson_&_Matthew_Rheinstein/MIPS_DATAPATH/shift2left26bit.vhd" 2017/11/12.12:00:55 P.20131013
FL "C:/Users/Chris/Dropbox/school/engineering/digital/ece445/lab/Lab 5/jtypedatapath_Chris_Carlson_&_Matthew_Rheinstein/MIPS_DATAPATH/signextend.vhd" 2017/10/22.17:37:19 P.20131013
FL "C:/Users/Chris/Dropbox/school/engineering/digital/ece445/lab/Lab 5/jtypedatapath_Chris_Carlson_&_Matthew_Rheinstein/MIPS_DATAPATH/toplevel.vhd" 2017/11/13.00:05:43 P.20131013
FL "C:/Users/Chris/Dropbox/school/engineering/digital/ece445/lab/Lab 5/MIPS_DATAPATH/alu.vhd" 2017/10/23.01:26:25 P.20131013
FL "C:/Users/Chris/Dropbox/school/engineering/digital/ece445/lab/Lab 5/MIPS_DATAPATH/aluAdd.vhd" 2017/10/22.14:49:07 P.20131013
FL "C:/Users/Chris/Dropbox/school/engineering/digital/ece445/lab/Lab 5/MIPS_DATAPATH/aluCntl.vhd" 2017/11/11.17:18:11 P.20131013
FL "C:/Users/Chris/Dropbox/school/engineering/digital/ece445/lab/Lab 5/MIPS_DATAPATH/branchMux.vhd" 2017/10/23.10:54:26 P.20131013
FL "C:/Users/Chris/Dropbox/school/engineering/digital/ece445/lab/Lab 5/MIPS_DATAPATH/control.vhd" 2017/11/12.22:20:12 P.20131013
FL "C:/Users/Chris/Dropbox/school/engineering/digital/ece445/lab/Lab 5/MIPS_DATAPATH/datamem.vhd" 2017/10/30.10:30:28 P.20131013
FL "C:/Users/Chris/Dropbox/school/engineering/digital/ece445/lab/Lab 5/MIPS_DATAPATH/datapath.vhf" 2017/11/12.23:48:50 P.20131013
FL "C:/Users/Chris/Dropbox/school/engineering/digital/ece445/lab/Lab 5/MIPS_DATAPATH/instmem.vhd" 2017/10/30.10:30:36 P.20131013
FL "C:/Users/Chris/Dropbox/school/engineering/digital/ece445/lab/Lab 5/MIPS_DATAPATH/mux32bit.vhd" 2017/10/22.19:50:01 P.20131013
FL "C:/Users/Chris/Dropbox/school/engineering/digital/ece445/lab/Lab 5/MIPS_DATAPATH/mux32bit3x1.vhd" 2017/11/11.16:23:11 P.20131013
FL "C:/Users/Chris/Dropbox/school/engineering/digital/ece445/lab/Lab 5/MIPS_DATAPATH/mux5bit.vhd" 2017/11/12.23:11:20 P.20131013
EN work/mux5bit 1510546291 \
      FL "C:/Users/Chris/Dropbox/school/engineering/digital/ece445/lab/Lab 5/MIPS_DATAPATH/mux5bit.vhd" \
      PB ieee/std_logic_1164 1381692176
AR work/mux5bit/Behavioral 1510546292 \
      FL "C:/Users/Chris/Dropbox/school/engineering/digital/ece445/lab/Lab 5/MIPS_DATAPATH/mux5bit.vhd" \
      EN work/mux5bit 1510546291
FL "C:/Users/Chris/Dropbox/school/engineering/digital/ece445/lab/Lab 5/MIPS_DATAPATH/mux5bit3x1.vhd" 2017/11/12.23:14:54 P.20131013
FL "C:/Users/Chris/Dropbox/school/engineering/digital/ece445/lab/Lab 5/MIPS_DATAPATH/pc.vhd" 2017/10/26.16:13:51 P.20131013
FL "C:/Users/Chris/Dropbox/school/engineering/digital/ece445/lab/Lab 5/MIPS_DATAPATH/pcadd.vhd" 2017/10/22.13:06:12 P.20131013
FL "C:/Users/Chris/Dropbox/school/engineering/digital/ece445/lab/Lab 5/MIPS_DATAPATH/regfile.vhd" 2017/10/22.12:58:43 P.20131013
FL "C:/Users/Chris/Dropbox/school/engineering/digital/ece445/lab/Lab 5/MIPS_DATAPATH/shift2left.vhd" 2017/10/30.10:52:06 P.20131013
FL "C:/Users/Chris/Dropbox/school/engineering/digital/ece445/lab/Lab 5/MIPS_DATAPATH/shift2left26bit.vhd" 2017/11/12.12:00:55 P.20131013
FL "C:/Users/Chris/Dropbox/school/engineering/digital/ece445/lab/Lab 5/MIPS_DATAPATH/signextend.vhd" 2017/10/22.17:37:19 P.20131013
FL "C:/Users/Chris/Dropbox/school/engineering/digital/ece445/lab/Lab 5/MIPS_DATAPATH/toplevel.vhd" 2017/11/13.00:05:43 P.20131013
FL "C:/Users/Chris/Dropbox/school/engineering/digital/ece445/lab/Lab 6/MIPS_DATAPATH/alu.vhd" 2017/12/02.23:09:47 P.20131013
EN work/ALU 1512337126 \
      FL "C:/Users/Chris/Dropbox/school/engineering/digital/ece445/lab/Lab 6/MIPS_DATAPATH/alu.vhd" \
      PB ieee/std_logic_1164 1381692176 PB ieee/STD_LOGIC_UNSIGNED 1381692179 \
      PB ieee/NUMERIC_STD 1381692181
AR work/ALU/Behavioral 1512337127 \
      FL "C:/Users/Chris/Dropbox/school/engineering/digital/ece445/lab/Lab 6/MIPS_DATAPATH/alu.vhd" \
      EN work/ALU 1512337126
FL "C:/Users/Chris/Dropbox/school/engineering/digital/ece445/lab/Lab 6/MIPS_DATAPATH/aluAdd.vhd" 2017/10/22.14:49:07 P.20131013
EN work/aluAdd 1512337136 \
      FL "C:/Users/Chris/Dropbox/school/engineering/digital/ece445/lab/Lab 6/MIPS_DATAPATH/aluAdd.vhd" \
      PB ieee/std_logic_1164 1381692176 PB ieee/STD_LOGIC_UNSIGNED 1381692179
AR work/aluAdd/Behavioral 1512337137 \
      FL "C:/Users/Chris/Dropbox/school/engineering/digital/ece445/lab/Lab 6/MIPS_DATAPATH/aluAdd.vhd" \
      EN work/aluAdd 1512337136
FL "C:/Users/Chris/Dropbox/school/engineering/digital/ece445/lab/Lab 6/MIPS_DATAPATH/aluCntl.vhd" 2017/12/03.14:37:41 P.20131013
EN work/aluCtrl 1512337128 \
      FL "C:/Users/Chris/Dropbox/school/engineering/digital/ece445/lab/Lab 6/MIPS_DATAPATH/aluCntl.vhd" \
      PB ieee/std_logic_1164 1381692176
AR work/aluCtrl/Behavioral 1512337129 \
      FL "C:/Users/Chris/Dropbox/school/engineering/digital/ece445/lab/Lab 6/MIPS_DATAPATH/aluCntl.vhd" \
      EN work/aluCtrl 1512337128
FL "C:/Users/Chris/Dropbox/school/engineering/digital/ece445/lab/Lab 6/MIPS_DATAPATH/branchMux.vhd" 2017/10/23.10:54:26 P.20131013
EN work/branchMux 1512337140 \
      FL "C:/Users/Chris/Dropbox/school/engineering/digital/ece445/lab/Lab 6/MIPS_DATAPATH/branchMux.vhd" \
      PB ieee/std_logic_1164 1381692176
AR work/branchMux/Behavioral 1512337141 \
      FL "C:/Users/Chris/Dropbox/school/engineering/digital/ece445/lab/Lab 6/MIPS_DATAPATH/branchMux.vhd" \
      EN work/branchMux 1512337140
FL "C:/Users/Chris/Dropbox/school/engineering/digital/ece445/lab/Lab 6/MIPS_DATAPATH/control.vhd" 2017/12/03.14:32:20 P.20131013
EN work/control 1512337138 \
      FL "C:/Users/Chris/Dropbox/school/engineering/digital/ece445/lab/Lab 6/MIPS_DATAPATH/control.vhd" \
      PB ieee/std_logic_1164 1381692176
AR work/control/Behavioral 1512337139 \
      FL "C:/Users/Chris/Dropbox/school/engineering/digital/ece445/lab/Lab 6/MIPS_DATAPATH/control.vhd" \
      EN work/control 1512337138
FL "C:/Users/Chris/Dropbox/school/engineering/digital/ece445/lab/Lab 6/MIPS_DATAPATH/datamem.vhd" 2017/11/23.12:09:22 P.20131013
EN work/datamem 1512337130 \
      FL "C:/Users/Chris/Dropbox/school/engineering/digital/ece445/lab/Lab 6/MIPS_DATAPATH/datamem.vhd" \
      PB ieee/std_logic_1164 1381692176 PB ieee/STD_LOGIC_UNSIGNED 1381692179 \
      PB ieee/std_logic_arith 1381692177
AR work/datamem/Behavioral 1512337131 \
      FL "C:/Users/Chris/Dropbox/school/engineering/digital/ece445/lab/Lab 6/MIPS_DATAPATH/datamem.vhd" \
      EN work/datamem 1512337130
FL "C:/Users/Chris/Dropbox/school/engineering/digital/ece445/lab/Lab 6/MIPS_DATAPATH/datapath.vhf" 2017/12/03.16:13:44 P.20131013
EN work/datapath 1512337148 \
      FL "C:/Users/Chris/Dropbox/school/engineering/digital/ece445/lab/Lab 6/MIPS_DATAPATH/datapath.vhf" \
      PB ieee/std_logic_1164 1381692176 PB ieee/NUMERIC_STD 1381692181 LB UNISIM \
      PH unisim/VCOMPONENTS 1381692182
AR work/datapath/BEHAVIORAL 1512337149 \
      FL "C:/Users/Chris/Dropbox/school/engineering/digital/ece445/lab/Lab 6/MIPS_DATAPATH/datapath.vhf" \
      EN work/datapath 1512337148 CP pc CP pcadd CP instmem CP regfile CP signextend \
      CP mux32bit CP ALU CP aluCtrl CP datamem CP mux32bit3x1 CP shift2left CP aluAdd \
      CP control CP branchMux CP AND2 CP GND CP shift2left26bit CP mux5bit3x1 \
      CP iomemory
FL "C:/Users/Chris/Dropbox/school/engineering/digital/ece445/lab/Lab 6/MIPS_DATAPATH/instmem.vhd" 2017/12/03.16:49:27 P.20131013
EN work/instmem 1512337899 \
      FL "C:/Users/Chris/Dropbox/school/engineering/digital/ece445/lab/Lab 6/MIPS_DATAPATH/instmem.vhd" \
      PB ieee/std_logic_1164 1381692176 PB ieee/std_logic_arith 1381692177 \
      PB ieee/STD_LOGIC_UNSIGNED 1381692179
AR work/instmem/Behavioral 1512337900 \
      FL "C:/Users/Chris/Dropbox/school/engineering/digital/ece445/lab/Lab 6/MIPS_DATAPATH/instmem.vhd" \
      EN work/instmem 1512337899
FL "C:/Users/Chris/Dropbox/school/engineering/digital/ece445/lab/Lab 6/MIPS_DATAPATH/ioload.vhd" 2017/11/23.10:46:24 P.20131013
EN work/ioload 1511451991 \
      FL "C:/Users/Chris/Dropbox/school/engineering/digital/ece445/lab/Lab 6/MIPS_DATAPATH/ioload.vhd" \
      PB ieee/std_logic_1164 1381692176
AR work/ioload/Behavioral 1511451992 \
      FL "C:/Users/Chris/Dropbox/school/engineering/digital/ece445/lab/Lab 6/MIPS_DATAPATH/ioload.vhd" \
      EN work/ioload 1511451991
FL "C:/Users/Chris/Dropbox/school/engineering/digital/ece445/lab/Lab 6/MIPS_DATAPATH/iomem.vhd" 2017/12/03.15:55:13 P.20131013
EN work/iomemory 1512337146 \
      FL "C:/Users/Chris/Dropbox/school/engineering/digital/ece445/lab/Lab 6/MIPS_DATAPATH/iomem.vhd" \
      PB ieee/std_logic_1164 1381692176 PB ieee/STD_LOGIC_UNSIGNED 1381692179 \
      PB ieee/std_logic_arith 1381692177
AR work/iomemory/Behavioral 1512337147 \
      FL "C:/Users/Chris/Dropbox/school/engineering/digital/ece445/lab/Lab 6/MIPS_DATAPATH/iomem.vhd" \
      EN work/iomemory 1512337146
FL "C:/Users/Chris/Dropbox/school/engineering/digital/ece445/lab/Lab 6/MIPS_DATAPATH/mux32bit.vhd" 2017/12/03.14:34:45 P.20131013
EN work/mux32bit 1512337124 \
      FL "C:/Users/Chris/Dropbox/school/engineering/digital/ece445/lab/Lab 6/MIPS_DATAPATH/mux32bit.vhd" \
      PB ieee/std_logic_1164 1381692176
AR work/mux32bit/Behavioral 1512337125 \
      FL "C:/Users/Chris/Dropbox/school/engineering/digital/ece445/lab/Lab 6/MIPS_DATAPATH/mux32bit.vhd" \
      EN work/mux32bit 1512337124
FL "C:/Users/Chris/Dropbox/school/engineering/digital/ece445/lab/Lab 6/MIPS_DATAPATH/mux32bit3x1.vhd" 2017/11/11.16:23:11 P.20131013
EN work/mux32bit3x1 1512337132 \
      FL "C:/Users/Chris/Dropbox/school/engineering/digital/ece445/lab/Lab 6/MIPS_DATAPATH/mux32bit3x1.vhd" \
      PB ieee/std_logic_1164 1381692176
AR work/mux32bit3x1/Behavioral 1512337133 \
      FL "C:/Users/Chris/Dropbox/school/engineering/digital/ece445/lab/Lab 6/MIPS_DATAPATH/mux32bit3x1.vhd" \
      EN work/mux32bit3x1 1512337132
FL "C:/Users/Chris/Dropbox/school/engineering/digital/ece445/lab/Lab 6/MIPS_DATAPATH/mux5bit3x1.vhd" 2017/11/23.10:36:36 P.20131013
EN work/mux5bit3x1 1512337144 \
      FL "C:/Users/Chris/Dropbox/school/engineering/digital/ece445/lab/Lab 6/MIPS_DATAPATH/mux5bit3x1.vhd" \
      PB ieee/std_logic_1164 1381692176
AR work/mux5bit3x1/Behavioral 1512337145 \
      FL "C:/Users/Chris/Dropbox/school/engineering/digital/ece445/lab/Lab 6/MIPS_DATAPATH/mux5bit3x1.vhd" \
      EN work/mux5bit3x1 1512337144
FL "C:/Users/Chris/Dropbox/school/engineering/digital/ece445/lab/Lab 6/MIPS_DATAPATH/pc.vhd" 2017/11/24.23:29:29 P.20131013
EN work/pc 1512337114 \
      FL "C:/Users/Chris/Dropbox/school/engineering/digital/ece445/lab/Lab 6/MIPS_DATAPATH/pc.vhd" \
      PB ieee/std_logic_1164 1381692176
AR work/pc/Behavioral 1512337115 \
      FL "C:/Users/Chris/Dropbox/school/engineering/digital/ece445/lab/Lab 6/MIPS_DATAPATH/pc.vhd" \
      EN work/pc 1512337114
FL "C:/Users/Chris/Dropbox/school/engineering/digital/ece445/lab/Lab 6/MIPS_DATAPATH/pcadd.vhd" 2017/10/22.13:06:12 P.20131013
EN work/pcadd 1512337116 \
      FL "C:/Users/Chris/Dropbox/school/engineering/digital/ece445/lab/Lab 6/MIPS_DATAPATH/pcadd.vhd" \
      PB ieee/std_logic_1164 1381692176 PB ieee/STD_LOGIC_UNSIGNED 1381692179
AR work/pcadd/Behavioral 1512337117 \
      FL "C:/Users/Chris/Dropbox/school/engineering/digital/ece445/lab/Lab 6/MIPS_DATAPATH/pcadd.vhd" \
      EN work/pcadd 1512337116
FL "C:/Users/Chris/Dropbox/school/engineering/digital/ece445/lab/Lab 6/MIPS_DATAPATH/regfile.vhd" 2017/11/22.20:43:40 P.20131013
EN work/regfile 1512337120 \
      FL "C:/Users/Chris/Dropbox/school/engineering/digital/ece445/lab/Lab 6/MIPS_DATAPATH/regfile.vhd" \
      PB ieee/std_logic_1164 1381692176 PB ieee/std_logic_arith 1381692177 \
      PB ieee/STD_LOGIC_UNSIGNED 1381692179
AR work/regfile/Behavioral 1512337121 \
      FL "C:/Users/Chris/Dropbox/school/engineering/digital/ece445/lab/Lab 6/MIPS_DATAPATH/regfile.vhd" \
      EN work/regfile 1512337120
FL "C:/Users/Chris/Dropbox/school/engineering/digital/ece445/lab/Lab 6/MIPS_DATAPATH/shift2left.vhd" 2017/10/30.10:52:06 P.20131013
EN work/shift2left 1512337134 \
      FL "C:/Users/Chris/Dropbox/school/engineering/digital/ece445/lab/Lab 6/MIPS_DATAPATH/shift2left.vhd" \
      PB ieee/std_logic_1164 1381692176 PB ieee/NUMERIC_STD 1381692181
AR work/shift2left/Behavioral 1512337135 \
      FL "C:/Users/Chris/Dropbox/school/engineering/digital/ece445/lab/Lab 6/MIPS_DATAPATH/shift2left.vhd" \
      EN work/shift2left 1512337134
FL "C:/Users/Chris/Dropbox/school/engineering/digital/ece445/lab/Lab 6/MIPS_DATAPATH/shift2left26bit.vhd" 2017/11/12.12:00:55 P.20131013
EN work/shift2left26bit 1512337142 \
      FL "C:/Users/Chris/Dropbox/school/engineering/digital/ece445/lab/Lab 6/MIPS_DATAPATH/shift2left26bit.vhd" \
      PB ieee/std_logic_1164 1381692176 PB ieee/NUMERIC_STD 1381692181
AR work/shift2left26bit/Behavioral 1512337143 \
      FL "C:/Users/Chris/Dropbox/school/engineering/digital/ece445/lab/Lab 6/MIPS_DATAPATH/shift2left26bit.vhd" \
      EN work/shift2left26bit 1512337142
FL "C:/Users/Chris/Dropbox/school/engineering/digital/ece445/lab/Lab 6/MIPS_DATAPATH/signextend.vhd" 2017/10/22.17:37:19 P.20131013
EN work/signextend 1512337122 \
      FL "C:/Users/Chris/Dropbox/school/engineering/digital/ece445/lab/Lab 6/MIPS_DATAPATH/signextend.vhd" \
      PB ieee/std_logic_1164 1381692176
AR work/signextend/Behavioral 1512337123 \
      FL "C:/Users/Chris/Dropbox/school/engineering/digital/ece445/lab/Lab 6/MIPS_DATAPATH/signextend.vhd" \
      EN work/signextend 1512337122
FL "C:/Users/Chris/Dropbox/school/engineering/digital/ece445/lab/Lab 6/MIPS_DATAPATH/toplevel.vhd" 2017/12/03.16:38:28 P.20131013
EN work/toplevel 1512337150 \
      FL "C:/Users/Chris/Dropbox/school/engineering/digital/ece445/lab/Lab 6/MIPS_DATAPATH/toplevel.vhd" \
      PB ieee/std_logic_1164 1381692176 PB ieee/STD_LOGIC_UNSIGNED 1381692179
AR work/toplevel/Behavioral 1512337151 \
      FL "C:/Users/Chris/Dropbox/school/engineering/digital/ece445/lab/Lab 6/MIPS_DATAPATH/toplevel.vhd" \
      EN work/toplevel 1512337150 CP datapath
